 Network cigar-wp18-scale-77427-83702_default Creating 
 Network cigar-wp18-scale-77427-83702_default Created 
 Volume cigar-wp18-scale-77427-83702_postgres-shared Creating 
 Volume cigar-wp18-scale-77427-83702_postgres-shared Created 
 Container cigar-wp18-scale-77427-83702-postgres-1 Creating 
 Container cigar-wp18-scale-77427-83702-postgres-1 Created 
 Container cigar-wp18-scale-77427-83702-postgres-1 Starting 
 Container cigar-wp18-scale-77427-83702-postgres-1 Started 
 Container cigar-wp18-scale-77427-83702-postgres-1 Waiting 
 Container cigar-wp18-scale-77427-83702-postgres-1 Healthy 
WP18 scale source digest: 122004a52480da6ffad0b98437f1778ffed8025ff5ad359e10d6ef4e0163c67f1e9b
WP18 scale gate requires exactly 10,000,000 physical production projection rows.
[1m[92m   Compiling[0m cigar-store v1.0.0-dev.1 (/Users/construct/Documents/GitHub/CIGAR/cigar-honey/crates/cigar-store)
[1m[92m    Finished[0m `release` profile [optimized] target(s) in 39.23s
[1m[92m     Running[0m tests/postgres_scale.rs (target/release/deps/postgres_scale-e313305a843e6cf2)

running 1 test
wp18-scale: physically inserted 1000/10000000 atoms
wp18-scale: physically inserted 10000/10000000 atoms
wp18-scale: physically inserted 100000/10000000 atoms
wp18-scale: physically inserted 200000/10000000 atoms
wp18-scale: physically inserted 300000/10000000 atoms
wp18-scale: physically inserted 400000/10000000 atoms
wp18-scale: physically inserted 500000/10000000 atoms
test postgres_production_projection_physically_qualifies_ten_million_valid_atoms has been running for over 60 seconds
wp18-scale: physically inserted 600000/10000000 atoms
wp18-scale: physically inserted 700000/10000000 atoms
wp18-scale: physically inserted 800000/10000000 atoms
wp18-scale: physically inserted 900000/10000000 atoms
wp18-scale: physically inserted 1000000/10000000 atoms
wp18-scale: physically inserted 1100000/10000000 atoms
wp18-scale: physically inserted 1200000/10000000 atoms
wp18-scale: physically inserted 1300000/10000000 atoms
wp18-scale: physically inserted 1400000/10000000 atoms
wp18-scale: physically inserted 1500000/10000000 atoms
wp18-scale: physically inserted 1600000/10000000 atoms
wp18-scale: physically inserted 1700000/10000000 atoms
wp18-scale: physically inserted 1800000/10000000 atoms
